CPUs: 12/12, MHz: 1897, Nodes: 1, Sockets: 1, Cores: 12, Threads: 1
